[preview.themeforest.net/item/realdeal-responsive-real-estate-html-template/full_screen_preview/255714996007.html]
[backblue.gif]
[fade.gif]
[index.html]
[public-assets.envato-static.com/assets/market/core/index-9053762da6b2d4d3aa5e4cbfc07ad24a15a4547e7a4f57e03b173204e694bc0a.css]
[public-assets.envato-static.com/assets/market/pages/preview/index-004d35cdd5d555cdd3e956d1b916825642de06529f0fe91fd9f390813761d2fc.css]
[cookiebot-assets.envato-static.com/cookiebot.css]
[public-assets.envato-static.com/icons/themeforest.net/apple-touch-icon-72x72-precomposed.png]
[public-assets.envato-static.com/icons/themeforest.net/apple-touch-icon-114x114-precomposed.png]
[public-assets.envato-static.com/icons/themeforest.net/apple-touch-icon-144x144-precomposed.png]
[public-assets.envato-static.com/icons/themeforest.net/apple-touch-icon-precomposed.png]
[public-assets.envato-static.com/assets/market/pages/full_screen_preview/index-1cc9e02a5e4e48ac2ba5b45a45c05b32584f9580c2fa432bcd2e40dd0b2a2ec2.js]
[consent.cookiebot.com/uc.js]
[www.google-analytics.com/analytics.js]
[preview.themeforest.net/item/realdeal-responsive-real-estate-html-template/full_screen_preview/255714996007.html]
[public-assets.envato-static.com/assets/common/pagination_loader-7fb337642f4cde133550f90749ee6eeb94b0d56dce6ae041cacc18c2bae22699.gif]
[public-assets.envato-static.com/assets/market/core/index-9053762da6b2d4d3aa5e4cbfc07ad24a15a4547e7a4f57e03b173204e694bc0a.css]
[public-assets.envato-static.com/assets/market/pages/preview/index-004d35cdd5d555cdd3e956d1b916825642de06529f0fe91fd9f390813761d2fc.css]
[cookiebot-assets.envato-static.com/cookiebot.css]
[preview.themeforest.net/item/realdeal-responsive-real-estate-html-template/full_screen_preview/linkid.html]
[www.googletagmanager.com/gtm5445.html]
